// Jest Snapshot v1, https://goo.gl/fbAQLP

exports[`AccountHistoryInput Renders Correctly 1`] = `
<div>
  <h3>
    Balance History
  </h3>
  <br />
  <label>
    1 Month Ago
  </label>
  <br />
  <input
    name="oneMonth"
    placeholder="Please enter a value"
    type="text"
  />
  <br />
  <br />
  <label>
    1 Year Ago
  </label>
  <br />
  <input
    name="twoYear"
    placeholder="Please enter a value"
    type="text"
  />
  <br />
  <br />
  <label>
    3 Years Ago
  </label>
  <br />
  <input
    name="threeYear"
    placeholder="Please enter a value"
    type="text"
  />
  <br />
  <br />
  <label>
    5 Years Ago
  </label>
  <br />
  <input
    name="fiveYear"
    placeholder="Please enter a value"
    type="text"
  />
  <hr />
  <label>
    Value added this month
  </label>
  <br />
  <input
    name="valThisMonth"
    placeholder="Please enter a value"
    type="text"
  />
  <br />
  <br />
  <label>
    Value added this year
  </label>
  <br />
  <input
    name="valThisYear"
    placeholder="Please enter a value"
    type="text"
  />
  <br />
  <br />
</div>
`;
