// Jest Snapshot v1, https://goo.gl/fbAQLP

exports[`LoanInput Renders Correctly 1`] = `
<div>
  <h3
    id="title"
  >
    Loans
  </h3>
  <table
    className="table"
    id="assets"
  >
    <tbody>
      <tr />
    </tbody>
  </table>
  <form
    onSubmit={[Function]}
  >
    <label>
      Name
    </label>
    <input
      name="inputName"
      onChange={[Function]}
      required={true}
      type="text"
      value={null}
    />
    <br />
    <label>
      Price
    </label>
    <input
      name="inputPrice"
      onChange={[Function]}
      required={true}
      type="number"
      value={null}
    />
    <br />
    <label>
      Quantity
    </label>
    <input
      name="inputQuantity"
      onChange={[Function]}
      required={true}
      type="number"
      value={null}
    />
    <br />
    <label>
      DateOfIssue
    </label>
    <input
      name="inputDateOfIssue"
      onChange={[Function]}
      required={true}
      type="date"
      value={null}
    />
    <br />
    <label>
      DateOfMaturity
    </label>
    <input
      name="inputDateOfMaturity"
      onChange={[Function]}
      required={true}
      type="date"
      value={null}
    />
    <br />
    <label>
      DateOfFirstPayment
    </label>
    <input
      name="inputDateOfFirstPayment"
      onChange={[Function]}
      required={true}
      type="date"
      value={null}
    />
    <br />
    <label>
      IncomePaymentMonth
    </label>
    <input
      name="inputIncomePaymentMonth"
      onChange={[Function]}
      required={true}
      type="number"
      value={null}
    />
    <br />
    <label>
      IncomePaymentDay
    </label>
    <input
      name="inputIncomePaymentDay"
      onChange={[Function]}
      required={true}
      type="number"
      value={null}
    />
    <br />
    <label>
      AccrualMethodType
    </label>
    <input
      name="inputAccrualMethodType"
      onChange={[Function]}
      required={true}
      type="text"
      value={null}
    />
    <br />
    <label>
      PaymentFrequencyType
    </label>
    <input
      name="inputPaymentFrequencyType"
      onChange={[Function]}
      required={true}
      type="text"
      value={null}
    />
    <br />
    <label>
      IncomePaymentFrequencyType
    </label>
    <input
      name="inputIncomePaymentFrequencyType"
      onChange={[Function]}
      required={true}
      type="text"
      value={null}
    />
    <br />
    <label>
      CompoundingFrequencyType
    </label>
    <input
      name="inputCompoundingFrequencyType"
      onChange={[Function]}
      required={true}
      type="text"
      value={null}
    />
    <br />
    <label>
      AmortizationFrequencyType
    </label>
    <input
      name="inputAmortizationFrequencyType"
      onChange={[Function]}
      required={true}
      type="text"
      value={null}
    />
    <br />
    <label>
      PeriodicPaymentAmount
    </label>
    <input
      name="inputPeriodicPaymentAmount"
      onChange={[Function]}
      required={true}
      type="number"
      value={null}
    />
    <br />
    <input
      type="submit"
      value="Add Asset"
    />
  </form>
  <button
    onClick={[Function]}
  >
     Remove Asset
  </button>
  <br />
  <br />
</div>
`;
